
> report@0.1.0 test
> jest --passWithNoTests

npm : FAIL e2e/report-sharing.spec.ts
At line:1 char:82
+ ... _version\report_builder" ; npm test -- --passWithNoTests 2>&1 | tee t ...
+                                ~~~~~~~~~~~~~~~~~~~~~~~~~~~~~~~~~~
    + CategoryInfo          : NotSpecified: (FAIL e2e/report-sharing.spec.ts:String) [], 
    RemoteException
    + FullyQualifiedErrorId : NativeCommandError
 
  ΓùÅ Test suite failed to run

      [31mx[0m Expected ',', got '}'
        ,-[[36;1;4mC:\Users\hp\OneDrive\Desktop\Molsys 
Internship\new_version\report_builder\e2e\report-sharing.spec.ts[0m:79:1]
     [2m76[0m |     }
     [2m77[0m |   });
     [2m78[0m | 
     [2m79[0m |   test('should prevent sharing with own email', async ({ page }} => {
        : [35;1m                                                               ^[0m
     [2m80[0m |     await page.goto('/report/test-id');
     [2m81[0m |     
     [2m81[0m |     const shareButton = 
page.locator('button:has-text("Share")').first();
        `----


    Caused by:
        Syntax Error

      at Object.transformSync (node_modules/next/src/build/swc/index.ts:1205:25)
      at transformSync (node_modules/next/src/build/swc/index.ts:1290:19)
      at Object.process (node_modules/next/src/build/swc/jest-transformer.ts:105:25)
      at ScriptTransformer.transformSource 
(node_modules/@jest/transform/build/index.js:422:31)
      at ScriptTransformer._transformAndBuildScript 
(node_modules/@jest/transform/build/index.js:519:40)
      at ScriptTransformer.transform (node_modules/@jest/transform/build/index.js:558:19)

FAIL e2e/admin-dashboard.spec.ts
  ΓùÅ Test suite failed to run

      [31mx[0m Expected ',', got '}'
        ,-[[36;1;4mC:\Users\hp\OneDrive\Desktop\Molsys 
Internship\new_version\report_builder\e2e\admin-dashboard.spec.ts[0m:40:1]
     [2m37[0m |     expect(typeof isVisible).toBe('boolean');
     [2m38[0m |   });
     [2m39[0m | 
     [2m40[0m |   test('should prevent non-admin access', async ({ page, context }} => 
{
        : [35;1m                                                                  ^[0m
     [2m41[0m |     // Clear admin role
     [2m42[0m |     await context.clearCookies();
     [2m42[0m |     await context.addCookies([
        `----


    Caused by:
        Syntax Error

      at Object.transformSync (node_modules/next/src/build/swc/index.ts:1205:25)
      at transformSync (node_modules/next/src/build/swc/index.ts:1290:19)
      at Object.process (node_modules/next/src/build/swc/jest-transformer.ts:105:25)
      at ScriptTransformer.transformSource 
(node_modules/@jest/transform/build/index.js:422:31)
      at ScriptTransformer._transformAndBuildScript 
(node_modules/@jest/transform/build/index.js:519:40)
      at ScriptTransformer.transform (node_modules/@jest/transform/build/index.js:558:19)

FAIL e2e/security-validation.spec.ts
  ΓùÅ Test suite failed to run

      [31mx[0m Expected ',', got '}'
        ,-[[36;1;4mC:\Users\hp\OneDrive\Desktop\Molsys 
Internship\new_version\report_builder\e2e\security-validation.spec.ts[0m:9:1]
     [2m 6[0m |  */
     [2m 7[0m | 
     [2m 8[0m | test.describe('Security & Input Validation', () => {
     [2m 9[0m |   test.beforeEach(async ({ page, context }} => {
        : [35;1m                                          ^[0m
     [2m10[0m |     // Mock authentication
     [2m11[0m |     await context.addCookies([
     [2m11[0m |       {
        `----


    Caused by:
        Syntax Error

      at Object.transformSync (node_modules/next/src/build/swc/index.ts:1205:25)
      at transformSync (node_modules/next/src/build/swc/index.ts:1290:19)
      at Object.process (node_modules/next/src/build/swc/jest-transformer.ts:105:25)
      at ScriptTransformer.transformSource 
(node_modules/@jest/transform/build/index.js:422:31)
      at ScriptTransformer._transformAndBuildScript 
(node_modules/@jest/transform/build/index.js:519:40)
      at ScriptTransformer.transform (node_modules/@jest/transform/build/index.js:558:19)

PASS __tests__/integration/api-error-handling.integration.test.ts
PASS __tests__/integration/middleware.integration.test.ts
PASS __tests__/integration/report-api.integration.test.ts
PASS __tests__/integration/file-upload-security.integration.test.ts
PASS __tests__/api/auth-login.integration.test.ts
PASS __tests__/integration/database.integration.test.ts
FAIL e2e/file-upload.spec.ts
  ΓùÅ Test suite failed to run

    TypeError: Object prototype may only be an Object or null: undefined
        at Function.setPrototypeOf (<anonymous>)

    [0m [90m 3 |[39m [36mimport[39m [33m*[39m [36mas[39m path [36mfrom[39m 
[32m'path'[39m[33m;[39m
     [90m 4 |[39m
    [31m[1m>[22m[39m[90m 5 |[39m [90m/**[39m
     [90m   |[39m              [31m[1m^[22m[39m
     [90m 6 |[39m [90m * File Upload & Data Entry E2E Tests[39m
     [90m 7 |[39m [90m * Tests file upload, form submission, and data validation[39m
     [90m 8 |[39m [90m */[39m[0m

      at Object.<anonymous> 
(node_modules/playwright-core/lib/mcpBundleImpl/index.js:119:7822)
      at Object.<anonymous> (node_modules/playwright-core/lib/mcpBundle.js:49:22)
      at Object.<anonymous> 
(node_modules/playwright-core/lib/server/utils/nodePlatform.js:45:24)
      at Object.<anonymous> (node_modules/playwright-core/lib/utils.js:56:27)
      at Object.<anonymous> 
(node_modules/playwright-core/lib/server/registry/index.js:48:20)
      at Object.<anonymous> (node_modules/playwright-core/lib/server/index.js:37:23)
      at Object.<anonymous> 
(node_modules/playwright-core/lib/remote/playwrightConnection.js:24:21)
      at Object.<anonymous> 
(node_modules/playwright-core/lib/remote/playwrightServer.js:24:35)
      at Object.<anonymous> (node_modules/playwright-core/lib/androidServerImpl.js:24:31)
      at Object.<anonymous> (node_modules/playwright-core/lib/inProcessFactory.js:24:32)
      at Object.<anonymous> (node_modules/playwright-core/lib/inprocess.js:2:31)
      at Object.<anonymous> (node_modules/playwright-core/index.js:32:18)
      at Object.<anonymous> (node_modules/playwright/lib/index.js:41:33)
      at Object.<anonymous> (node_modules/playwright/test.js:17:13)
      at Object.<anonymous> (node_modules/@playwright/test/index.js:17:18)
      at Object.<anonymous> (e2e/file-upload.spec.ts:5:15)

FAIL e2e/report-viewing.spec.ts
  ΓùÅ Test suite failed to run

    TypeError: Object prototype may only be an Object or null: undefined
        at Function.setPrototypeOf (<anonymous>)

    [0m [90m 3 |[39m [90m/**[39m
     [90m 4 |[39m [90m * Report Viewing & Navigation E2E Tests[39m
    [31m[1m>[22m[39m[90m 5 |[39m [90m * Tests report display, viewing, and user 
interactions[39m
     [90m   |[39m               [31m[1m^[22m[39m
     [90m 6 |[39m [90m */[39m
     [90m 7 |[39m
     [90m 8 |[39m test[33m.[39mdescribe([32m'Report Viewing & 
Navigation'[39m[33m,[39m () [33m=>[39m {[0m

      at Object.<anonymous> 
(node_modules/playwright-core/lib/mcpBundleImpl/index.js:119:7822)
      at Object.<anonymous> (node_modules/playwright-core/lib/mcpBundle.js:49:22)
      at Object.<anonymous> 
(node_modules/playwright-core/lib/server/utils/nodePlatform.js:45:24)
      at Object.<anonymous> (node_modules/playwright-core/lib/utils.js:56:27)
      at Object.<anonymous> 
(node_modules/playwright-core/lib/server/registry/index.js:48:20)
      at Object.<anonymous> (node_modules/playwright-core/lib/server/index.js:37:23)
      at Object.<anonymous> 
(node_modules/playwright-core/lib/remote/playwrightConnection.js:24:21)
      at Object.<anonymous> 
(node_modules/playwright-core/lib/remote/playwrightServer.js:24:35)
      at Object.<anonymous> (node_modules/playwright-core/lib/androidServerImpl.js:24:31)
      at Object.<anonymous> (node_modules/playwright-core/lib/inProcessFactory.js:24:32)
      at Object.<anonymous> (node_modules/playwright-core/lib/inprocess.js:2:31)
      at Object.<anonymous> (node_modules/playwright-core/index.js:32:18)
      at Object.<anonymous> (node_modules/playwright/lib/index.js:41:33)
      at Object.<anonymous> (node_modules/playwright/test.js:17:13)
      at Object.<anonymous> (node_modules/@playwright/test/index.js:17:18)
      at Object.<anonymous> (e2e/report-viewing.spec.ts:5:15)

FAIL e2e/authentication.spec.ts
  ΓùÅ Test suite failed to run

    TypeError: Object prototype may only be an Object or null: undefined
        at Function.setPrototypeOf (<anonymous>)

    [0m [90m 3 |[39m [90m/**[39m
     [90m 4 |[39m [90m * Authentication Flow E2E Tests[39m
    [31m[1m>[22m[39m[90m 5 |[39m [90m * Tests user login, session persistence, 
and logout flows[39m
     [90m   |[39m               [31m[1m^[22m[39m
     [90m 6 |[39m [90m */[39m
     [90m 7 |[39m
     [90m 8 |[39m test[33m.[39mdescribe([32m'Authentication Flow'[39m[33m,[39m 
() [33m=>[39m {[0m

      at Object.<anonymous> 
(node_modules/playwright-core/lib/mcpBundleImpl/index.js:119:7822)
      at Object.<anonymous> (node_modules/playwright-core/lib/mcpBundle.js:49:22)
      at Object.<anonymous> 
(node_modules/playwright-core/lib/server/utils/nodePlatform.js:45:24)
      at Object.<anonymous> (node_modules/playwright-core/lib/utils.js:56:27)
      at Object.<anonymous> 
(node_modules/playwright-core/lib/server/registry/index.js:48:20)
      at Object.<anonymous> (node_modules/playwright-core/lib/server/index.js:37:23)
      at Object.<anonymous> 
(node_modules/playwright-core/lib/remote/playwrightConnection.js:24:21)
      at Object.<anonymous> 
(node_modules/playwright-core/lib/remote/playwrightServer.js:24:35)
      at Object.<anonymous> (node_modules/playwright-core/lib/androidServerImpl.js:24:31)
      at Object.<anonymous> (node_modules/playwright-core/lib/inProcessFactory.js:24:32)
      at Object.<anonymous> (node_modules/playwright-core/lib/inprocess.js:2:31)
      at Object.<anonymous> (node_modules/playwright-core/index.js:32:18)
      at Object.<anonymous> (node_modules/playwright/lib/index.js:41:33)
      at Object.<anonymous> (node_modules/playwright/test.js:17:13)
      at Object.<anonymous> (node_modules/@playwright/test/index.js:17:18)
      at Object.<anonymous> (e2e/authentication.spec.ts:5:15)

PASS __tests__/components/security.component.test.tsx (5.595 s)
PASS __tests__/lib/encryption.test.ts (6.774 s)

Test Suites: 6 failed, 3 skipped, 8 passed, 14 of 17 total
Tests:       39 skipped, 149 passed, 188 total
Snapshots:   0 total
Time:        12.428 s
Ran all test suites.
